------------------------------------------------------------
TimeQuest Timing Analyzer Summary
------------------------------------------------------------

Type  : Slow 1100mV 85C Model Setup 'control:nios|procesador:nios2|procesador_hps_0:hps_0|procesador_hps_0_hps_io:hps_io|procesador_hps_0_hps_io_border:border|hps_sdram:hps_sdram_inst|hps_sdram_pll:pll|afi_clk_write_clk'
Slack : 2.563
TNS   : 0.000

Type  : Slow 1100mV 85C Model Setup 'nios|nios2|pll|altera_pll_i|cyclonev_pll|counter[0].output_counter|divclk'
Slack : 3.193
TNS   : 0.000

Type  : Slow 1100mV 85C Model Setup 'clock_50'
Slack : 4.899
TNS   : 0.000

Type  : Slow 1100mV 85C Model Hold 'control:nios|procesador:nios2|procesador_hps_0:hps_0|procesador_hps_0_hps_io:hps_io|procesador_hps_0_hps_io_border:border|hps_sdram:hps_sdram_inst|hps_sdram_pll:pll|afi_clk_write_clk'
Slack : 0.143
TNS   : 0.000

Type  : Slow 1100mV 85C Model Hold 'nios|nios2|pll|altera_pll_i|cyclonev_pll|counter[0].output_counter|divclk'
Slack : 0.227
TNS   : 0.000

Type  : Slow 1100mV 85C Model Hold 'clock_50'
Slack : 0.241
TNS   : 0.000

Type  : Slow 1100mV 85C Model Recovery 'nios|nios2|pll|altera_pll_i|cyclonev_pll|counter[0].output_counter|divclk'
Slack : 3.082
TNS   : 0.000

Type  : Slow 1100mV 85C Model Recovery 'control:nios|procesador:nios2|procesador_hps_0:hps_0|procesador_hps_0_hps_io:hps_io|procesador_hps_0_hps_io_border:border|hps_sdram:hps_sdram_inst|hps_sdram_pll:pll|afi_clk_write_clk'
Slack : 5.041
TNS   : 0.000

Type  : Slow 1100mV 85C Model Recovery 'clock_50'
Slack : 12.959
TNS   : 0.000

Type  : Slow 1100mV 85C Model Removal 'nios|nios2|pll|altera_pll_i|cyclonev_pll|counter[0].output_counter|divclk'
Slack : 0.902
TNS   : 0.000

Type  : Slow 1100mV 85C Model Removal 'clock_50'
Slack : 1.052
TNS   : 0.000

Type  : Slow 1100mV 85C Model Removal 'control:nios|procesador:nios2|procesador_hps_0:hps_0|procesador_hps_0_hps_io:hps_io|procesador_hps_0_hps_io_border:border|hps_sdram:hps_sdram_inst|hps_sdram_pll:pll|afi_clk_write_clk'
Slack : 1.063
TNS   : 0.000

Type  : Slow 1100mV 85C Model Minimum Pulse Width 'control:nios|procesador:nios2|procesador_hps_0:hps_0|procesador_hps_0_hps_io:hps_io|procesador_hps_0_hps_io_border:border|hps_sdram:hps_sdram_inst|hps_sdram_pll:pll|pll_write_clk_dq_write_clk'
Slack : 1.025
TNS   : 0.000

Type  : Slow 1100mV 85C Model Minimum Pulse Width 'control:nios|procesador:nios2|procesador_hps_0:hps_0|procesador_hps_0_hps_io:hps_io|procesador_hps_0_hps_io_border:border|hps_sdram:hps_sdram_inst|hps_sdram_pll:pll|afi_clk_write_clk'
Slack : 1.039
TNS   : 0.000

Type  : Slow 1100mV 85C Model Minimum Pulse Width 'nios|nios2|pll|altera_pll_i|cyclonev_pll|fpll_0|fpll|vcoph[0]'
Slack : 1.538
TNS   : 0.000

Type  : Slow 1100mV 85C Model Minimum Pulse Width 'nios|nios2|pll|altera_pll_i|cyclonev_pll|counter[0].output_counter|divclk'
Slack : 6.414
TNS   : 0.000

Type  : Slow 1100mV 85C Model Minimum Pulse Width 'clock_50'
Slack : 9.372
TNS   : 0.000

Type  : Slow 1100mV 0C Model Setup 'control:nios|procesador:nios2|procesador_hps_0:hps_0|procesador_hps_0_hps_io:hps_io|procesador_hps_0_hps_io_border:border|hps_sdram:hps_sdram_inst|hps_sdram_pll:pll|afi_clk_write_clk'
Slack : 2.560
TNS   : 0.000

Type  : Slow 1100mV 0C Model Setup 'nios|nios2|pll|altera_pll_i|cyclonev_pll|counter[0].output_counter|divclk'
Slack : 3.587
TNS   : 0.000

Type  : Slow 1100mV 0C Model Setup 'clock_50'
Slack : 5.237
TNS   : 0.000

Type  : Slow 1100mV 0C Model Hold 'control:nios|procesador:nios2|procesador_hps_0:hps_0|procesador_hps_0_hps_io:hps_io|procesador_hps_0_hps_io_border:border|hps_sdram:hps_sdram_inst|hps_sdram_pll:pll|afi_clk_write_clk'
Slack : 0.162
TNS   : 0.000

Type  : Slow 1100mV 0C Model Hold 'clock_50'
Slack : 0.226
TNS   : 0.000

Type  : Slow 1100mV 0C Model Hold 'nios|nios2|pll|altera_pll_i|cyclonev_pll|counter[0].output_counter|divclk'
Slack : 0.293
TNS   : 0.000

Type  : Slow 1100mV 0C Model Recovery 'nios|nios2|pll|altera_pll_i|cyclonev_pll|counter[0].output_counter|divclk'
Slack : 3.226
TNS   : 0.000

Type  : Slow 1100mV 0C Model Recovery 'control:nios|procesador:nios2|procesador_hps_0:hps_0|procesador_hps_0_hps_io:hps_io|procesador_hps_0_hps_io_border:border|hps_sdram:hps_sdram_inst|hps_sdram_pll:pll|afi_clk_write_clk'
Slack : 5.134
TNS   : 0.000

Type  : Slow 1100mV 0C Model Recovery 'clock_50'
Slack : 13.104
TNS   : 0.000

Type  : Slow 1100mV 0C Model Removal 'nios|nios2|pll|altera_pll_i|cyclonev_pll|counter[0].output_counter|divclk'
Slack : 0.830
TNS   : 0.000

Type  : Slow 1100mV 0C Model Removal 'clock_50'
Slack : 0.994
TNS   : 0.000

Type  : Slow 1100mV 0C Model Removal 'control:nios|procesador:nios2|procesador_hps_0:hps_0|procesador_hps_0_hps_io:hps_io|procesador_hps_0_hps_io_border:border|hps_sdram:hps_sdram_inst|hps_sdram_pll:pll|afi_clk_write_clk'
Slack : 1.012
TNS   : 0.000

Type  : Slow 1100mV 0C Model Minimum Pulse Width 'control:nios|procesador:nios2|procesador_hps_0:hps_0|procesador_hps_0_hps_io:hps_io|procesador_hps_0_hps_io_border:border|hps_sdram:hps_sdram_inst|hps_sdram_pll:pll|pll_write_clk_dq_write_clk'
Slack : 1.030
TNS   : 0.000

Type  : Slow 1100mV 0C Model Minimum Pulse Width 'control:nios|procesador:nios2|procesador_hps_0:hps_0|procesador_hps_0_hps_io:hps_io|procesador_hps_0_hps_io_border:border|hps_sdram:hps_sdram_inst|hps_sdram_pll:pll|afi_clk_write_clk'
Slack : 1.046
TNS   : 0.000

Type  : Slow 1100mV 0C Model Minimum Pulse Width 'nios|nios2|pll|altera_pll_i|cyclonev_pll|fpll_0|fpll|vcoph[0]'
Slack : 1.538
TNS   : 0.000

Type  : Slow 1100mV 0C Model Minimum Pulse Width 'nios|nios2|pll|altera_pll_i|cyclonev_pll|counter[0].output_counter|divclk'
Slack : 6.389
TNS   : 0.000

Type  : Slow 1100mV 0C Model Minimum Pulse Width 'clock_50'
Slack : 9.296
TNS   : 0.000

Type  : Fast 1100mV 85C Model Setup 'control:nios|procesador:nios2|procesador_hps_0:hps_0|procesador_hps_0_hps_io:hps_io|procesador_hps_0_hps_io_border:border|hps_sdram:hps_sdram_inst|hps_sdram_pll:pll|afi_clk_write_clk'
Slack : 2.943
TNS   : 0.000

Type  : Fast 1100mV 85C Model Setup 'nios|nios2|pll|altera_pll_i|cyclonev_pll|counter[0].output_counter|divclk'
Slack : 5.690
TNS   : 0.000

Type  : Fast 1100mV 85C Model Setup 'clock_50'
Slack : 10.322
TNS   : 0.000

Type  : Fast 1100mV 85C Model Hold 'control:nios|procesador:nios2|procesador_hps_0:hps_0|procesador_hps_0_hps_io:hps_io|procesador_hps_0_hps_io_border:border|hps_sdram:hps_sdram_inst|hps_sdram_pll:pll|afi_clk_write_clk'
Slack : 0.084
TNS   : 0.000

Type  : Fast 1100mV 85C Model Hold 'clock_50'
Slack : 0.138
TNS   : 0.000

Type  : Fast 1100mV 85C Model Hold 'nios|nios2|pll|altera_pll_i|cyclonev_pll|counter[0].output_counter|divclk'
Slack : 0.142
TNS   : 0.000

Type  : Fast 1100mV 85C Model Recovery 'nios|nios2|pll|altera_pll_i|cyclonev_pll|counter[0].output_counter|divclk'
Slack : 4.891
TNS   : 0.000

Type  : Fast 1100mV 85C Model Recovery 'control:nios|procesador:nios2|procesador_hps_0:hps_0|procesador_hps_0_hps_io:hps_io|procesador_hps_0_hps_io_border:border|hps_sdram:hps_sdram_inst|hps_sdram_pll:pll|afi_clk_write_clk'
Slack : 5.393
TNS   : 0.000

Type  : Fast 1100mV 85C Model Recovery 'clock_50'
Slack : 15.868
TNS   : 0.000

Type  : Fast 1100mV 85C Model Removal 'nios|nios2|pll|altera_pll_i|cyclonev_pll|counter[0].output_counter|divclk'
Slack : 0.538
TNS   : 0.000

Type  : Fast 1100mV 85C Model Removal 'clock_50'
Slack : 0.571
TNS   : 0.000

Type  : Fast 1100mV 85C Model Removal 'control:nios|procesador:nios2|procesador_hps_0:hps_0|procesador_hps_0_hps_io:hps_io|procesador_hps_0_hps_io_border:border|hps_sdram:hps_sdram_inst|hps_sdram_pll:pll|afi_clk_write_clk'
Slack : 0.984
TNS   : 0.000

Type  : Fast 1100mV 85C Model Minimum Pulse Width 'control:nios|procesador:nios2|procesador_hps_0:hps_0|procesador_hps_0_hps_io:hps_io|procesador_hps_0_hps_io_border:border|hps_sdram:hps_sdram_inst|hps_sdram_pll:pll|pll_write_clk_dq_write_clk'
Slack : 1.300
TNS   : 0.000

Type  : Fast 1100mV 85C Model Minimum Pulse Width 'control:nios|procesador:nios2|procesador_hps_0:hps_0|procesador_hps_0_hps_io:hps_io|procesador_hps_0_hps_io_border:border|hps_sdram:hps_sdram_inst|hps_sdram_pll:pll|afi_clk_write_clk'
Slack : 1.307
TNS   : 0.000

Type  : Fast 1100mV 85C Model Minimum Pulse Width 'nios|nios2|pll|altera_pll_i|cyclonev_pll|fpll_0|fpll|vcoph[0]'
Slack : 1.538
TNS   : 0.000

Type  : Fast 1100mV 85C Model Minimum Pulse Width 'nios|nios2|pll|altera_pll_i|cyclonev_pll|counter[0].output_counter|divclk'
Slack : 6.616
TNS   : 0.000

Type  : Fast 1100mV 85C Model Minimum Pulse Width 'clock_50'
Slack : 9.405
TNS   : 0.000

Type  : Fast 1100mV 0C Model Setup 'control:nios|procesador:nios2|procesador_hps_0:hps_0|procesador_hps_0_hps_io:hps_io|procesador_hps_0_hps_io_border:border|hps_sdram:hps_sdram_inst|hps_sdram_pll:pll|afi_clk_write_clk'
Slack : 2.943
TNS   : 0.000

Type  : Fast 1100mV 0C Model Setup 'nios|nios2|pll|altera_pll_i|cyclonev_pll|counter[0].output_counter|divclk'
Slack : 5.851
TNS   : 0.000

Type  : Fast 1100mV 0C Model Setup 'clock_50'
Slack : 11.101
TNS   : 0.000

Type  : Fast 1100mV 0C Model Hold 'control:nios|procesador:nios2|procesador_hps_0:hps_0|procesador_hps_0_hps_io:hps_io|procesador_hps_0_hps_io_border:border|hps_sdram:hps_sdram_inst|hps_sdram_pll:pll|afi_clk_write_clk'
Slack : 0.077
TNS   : 0.000

Type  : Fast 1100mV 0C Model Hold 'clock_50'
Slack : 0.126
TNS   : 0.000

Type  : Fast 1100mV 0C Model Hold 'nios|nios2|pll|altera_pll_i|cyclonev_pll|counter[0].output_counter|divclk'
Slack : 0.149
TNS   : 0.000

Type  : Fast 1100mV 0C Model Recovery 'nios|nios2|pll|altera_pll_i|cyclonev_pll|counter[0].output_counter|divclk'
Slack : 5.160
TNS   : 0.000

Type  : Fast 1100mV 0C Model Recovery 'control:nios|procesador:nios2|procesador_hps_0:hps_0|procesador_hps_0_hps_io:hps_io|procesador_hps_0_hps_io_border:border|hps_sdram:hps_sdram_inst|hps_sdram_pll:pll|afi_clk_write_clk'
Slack : 5.491
TNS   : 0.000

Type  : Fast 1100mV 0C Model Recovery 'clock_50'
Slack : 16.070
TNS   : 0.000

Type  : Fast 1100mV 0C Model Removal 'nios|nios2|pll|altera_pll_i|cyclonev_pll|counter[0].output_counter|divclk'
Slack : 0.460
TNS   : 0.000

Type  : Fast 1100mV 0C Model Removal 'clock_50'
Slack : 0.522
TNS   : 0.000

Type  : Fast 1100mV 0C Model Removal 'control:nios|procesador:nios2|procesador_hps_0:hps_0|procesador_hps_0_hps_io:hps_io|procesador_hps_0_hps_io_border:border|hps_sdram:hps_sdram_inst|hps_sdram_pll:pll|afi_clk_write_clk'
Slack : 0.889
TNS   : 0.000

Type  : Fast 1100mV 0C Model Minimum Pulse Width 'control:nios|procesador:nios2|procesador_hps_0:hps_0|procesador_hps_0_hps_io:hps_io|procesador_hps_0_hps_io_border:border|hps_sdram:hps_sdram_inst|hps_sdram_pll:pll|pll_write_clk_dq_write_clk'
Slack : 1.304
TNS   : 0.000

Type  : Fast 1100mV 0C Model Minimum Pulse Width 'control:nios|procesador:nios2|procesador_hps_0:hps_0|procesador_hps_0_hps_io:hps_io|procesador_hps_0_hps_io_border:border|hps_sdram:hps_sdram_inst|hps_sdram_pll:pll|afi_clk_write_clk'
Slack : 1.311
TNS   : 0.000

Type  : Fast 1100mV 0C Model Minimum Pulse Width 'nios|nios2|pll|altera_pll_i|cyclonev_pll|fpll_0|fpll|vcoph[0]'
Slack : 1.538
TNS   : 0.000

Type  : Fast 1100mV 0C Model Minimum Pulse Width 'nios|nios2|pll|altera_pll_i|cyclonev_pll|counter[0].output_counter|divclk'
Slack : 6.612
TNS   : 0.000

Type  : Fast 1100mV 0C Model Minimum Pulse Width 'clock_50'
Slack : 9.409
TNS   : 0.000

------------------------------------------------------------
Info: see the "DDR report" for DDR timing results
------------------------------------------------------------
------------------------------------------------------------
