------------------------------------------------------------
TimeQuest Timing Analyzer Summary
------------------------------------------------------------

Type  : Slow 1100mV 85C Model Setup 'nios|nios2|pll|altera_pll_i|cyclonev_pll|counter[0].output_counter|divclk'
Slack : -12.004
TNS   : -555.095

Type  : Slow 1100mV 85C Model Setup 'control:nios|procesador:nios2|procesador_hps_0:hps_0|procesador_hps_0_hps_io:hps_io|procesador_hps_0_hps_io_border:border|hps_sdram:hps_sdram_inst|hps_sdram_pll:pll|afi_clk_write_clk'
Slack : 2.563
TNS   : 0.000

Type  : Slow 1100mV 85C Model Setup 'clock_50'
Slack : 5.725
TNS   : 0.000

Type  : Slow 1100mV 85C Model Setup 'altera_reserved_tck'
Slack : 11.480
TNS   : 0.000

Type  : Slow 1100mV 85C Model Hold 'control:nios|procesador:nios2|procesador_hps_0:hps_0|procesador_hps_0_hps_io:hps_io|procesador_hps_0_hps_io_border:border|hps_sdram:hps_sdram_inst|hps_sdram_pll:pll|afi_clk_write_clk'
Slack : 0.143
TNS   : 0.000

Type  : Slow 1100mV 85C Model Hold 'clock_50'
Slack : 0.227
TNS   : 0.000

Type  : Slow 1100mV 85C Model Hold 'nios|nios2|pll|altera_pll_i|cyclonev_pll|counter[0].output_counter|divclk'
Slack : 0.243
TNS   : 0.000

Type  : Slow 1100mV 85C Model Hold 'altera_reserved_tck'
Slack : 0.252
TNS   : 0.000

Type  : Slow 1100mV 85C Model Recovery 'nios|nios2|pll|altera_pll_i|cyclonev_pll|counter[0].output_counter|divclk'
Slack : 4.190
TNS   : 0.000

Type  : Slow 1100mV 85C Model Recovery 'control:nios|procesador:nios2|procesador_hps_0:hps_0|procesador_hps_0_hps_io:hps_io|procesador_hps_0_hps_io_border:border|hps_sdram:hps_sdram_inst|hps_sdram_pll:pll|afi_clk_write_clk'
Slack : 5.041
TNS   : 0.000

Type  : Slow 1100mV 85C Model Recovery 'clock_50'
Slack : 12.017
TNS   : 0.000

Type  : Slow 1100mV 85C Model Recovery 'altera_reserved_tck'
Slack : 14.020
TNS   : 0.000

Type  : Slow 1100mV 85C Model Removal 'clock_50'
Slack : 0.557
TNS   : 0.000

Type  : Slow 1100mV 85C Model Removal 'altera_reserved_tck'
Slack : 0.682
TNS   : 0.000

Type  : Slow 1100mV 85C Model Removal 'nios|nios2|pll|altera_pll_i|cyclonev_pll|counter[0].output_counter|divclk'
Slack : 0.955
TNS   : 0.000

Type  : Slow 1100mV 85C Model Removal 'control:nios|procesador:nios2|procesador_hps_0:hps_0|procesador_hps_0_hps_io:hps_io|procesador_hps_0_hps_io_border:border|hps_sdram:hps_sdram_inst|hps_sdram_pll:pll|afi_clk_write_clk'
Slack : 1.063
TNS   : 0.000

Type  : Slow 1100mV 85C Model Minimum Pulse Width 'control:nios|procesador:nios2|procesador_hps_0:hps_0|procesador_hps_0_hps_io:hps_io|procesador_hps_0_hps_io_border:border|hps_sdram:hps_sdram_inst|hps_sdram_pll:pll|pll_write_clk_dq_write_clk'
Slack : 1.025
TNS   : 0.000

Type  : Slow 1100mV 85C Model Minimum Pulse Width 'control:nios|procesador:nios2|procesador_hps_0:hps_0|procesador_hps_0_hps_io:hps_io|procesador_hps_0_hps_io_border:border|hps_sdram:hps_sdram_inst|hps_sdram_pll:pll|afi_clk_write_clk'
Slack : 1.039
TNS   : 0.000

Type  : Slow 1100mV 85C Model Minimum Pulse Width 'nios|nios2|pll|altera_pll_i|cyclonev_pll|fpll_0|fpll|vcoph[0]'
Slack : 1.538
TNS   : 0.000

Type  : Slow 1100mV 85C Model Minimum Pulse Width 'nios|nios2|pll|altera_pll_i|cyclonev_pll|counter[0].output_counter|divclk'
Slack : 6.590
TNS   : 0.000

Type  : Slow 1100mV 85C Model Minimum Pulse Width 'clock_50'
Slack : 8.873
TNS   : 0.000

Type  : Slow 1100mV 85C Model Minimum Pulse Width 'altera_reserved_tck'
Slack : 15.800
TNS   : 0.000

Type  : Slow 1100mV 0C Model Setup 'nios|nios2|pll|altera_pll_i|cyclonev_pll|counter[0].output_counter|divclk'
Slack : -12.978
TNS   : -475.108

Type  : Slow 1100mV 0C Model Setup 'control:nios|procesador:nios2|procesador_hps_0:hps_0|procesador_hps_0_hps_io:hps_io|procesador_hps_0_hps_io_border:border|hps_sdram:hps_sdram_inst|hps_sdram_pll:pll|afi_clk_write_clk'
Slack : 2.560
TNS   : 0.000

Type  : Slow 1100mV 0C Model Setup 'clock_50'
Slack : 5.916
TNS   : 0.000

Type  : Slow 1100mV 0C Model Setup 'altera_reserved_tck'
Slack : 11.584
TNS   : 0.000

Type  : Slow 1100mV 0C Model Hold 'control:nios|procesador:nios2|procesador_hps_0:hps_0|procesador_hps_0_hps_io:hps_io|procesador_hps_0_hps_io_border:border|hps_sdram:hps_sdram_inst|hps_sdram_pll:pll|afi_clk_write_clk'
Slack : 0.162
TNS   : 0.000

Type  : Slow 1100mV 0C Model Hold 'clock_50'
Slack : 0.218
TNS   : 0.000

Type  : Slow 1100mV 0C Model Hold 'altera_reserved_tck'
Slack : 0.251
TNS   : 0.000

Type  : Slow 1100mV 0C Model Hold 'nios|nios2|pll|altera_pll_i|cyclonev_pll|counter[0].output_counter|divclk'
Slack : 0.305
TNS   : 0.000

Type  : Slow 1100mV 0C Model Recovery 'nios|nios2|pll|altera_pll_i|cyclonev_pll|counter[0].output_counter|divclk'
Slack : 4.295
TNS   : 0.000

Type  : Slow 1100mV 0C Model Recovery 'control:nios|procesador:nios2|procesador_hps_0:hps_0|procesador_hps_0_hps_io:hps_io|procesador_hps_0_hps_io_border:border|hps_sdram:hps_sdram_inst|hps_sdram_pll:pll|afi_clk_write_clk'
Slack : 5.134
TNS   : 0.000

Type  : Slow 1100mV 0C Model Recovery 'clock_50'
Slack : 12.229
TNS   : 0.000

Type  : Slow 1100mV 0C Model Recovery 'altera_reserved_tck'
Slack : 14.102
TNS   : 0.000

Type  : Slow 1100mV 0C Model Removal 'clock_50'
Slack : 0.514
TNS   : 0.000

Type  : Slow 1100mV 0C Model Removal 'altera_reserved_tck'
Slack : 0.679
TNS   : 0.000

Type  : Slow 1100mV 0C Model Removal 'nios|nios2|pll|altera_pll_i|cyclonev_pll|counter[0].output_counter|divclk'
Slack : 0.883
TNS   : 0.000

Type  : Slow 1100mV 0C Model Removal 'control:nios|procesador:nios2|procesador_hps_0:hps_0|procesador_hps_0_hps_io:hps_io|procesador_hps_0_hps_io_border:border|hps_sdram:hps_sdram_inst|hps_sdram_pll:pll|afi_clk_write_clk'
Slack : 1.012
TNS   : 0.000

Type  : Slow 1100mV 0C Model Minimum Pulse Width 'control:nios|procesador:nios2|procesador_hps_0:hps_0|procesador_hps_0_hps_io:hps_io|procesador_hps_0_hps_io_border:border|hps_sdram:hps_sdram_inst|hps_sdram_pll:pll|pll_write_clk_dq_write_clk'
Slack : 1.030
TNS   : 0.000

Type  : Slow 1100mV 0C Model Minimum Pulse Width 'control:nios|procesador:nios2|procesador_hps_0:hps_0|procesador_hps_0_hps_io:hps_io|procesador_hps_0_hps_io_border:border|hps_sdram:hps_sdram_inst|hps_sdram_pll:pll|afi_clk_write_clk'
Slack : 1.046
TNS   : 0.000

Type  : Slow 1100mV 0C Model Minimum Pulse Width 'nios|nios2|pll|altera_pll_i|cyclonev_pll|fpll_0|fpll|vcoph[0]'
Slack : 1.538
TNS   : 0.000

Type  : Slow 1100mV 0C Model Minimum Pulse Width 'nios|nios2|pll|altera_pll_i|cyclonev_pll|counter[0].output_counter|divclk'
Slack : 6.570
TNS   : 0.000

Type  : Slow 1100mV 0C Model Minimum Pulse Width 'clock_50'
Slack : 8.825
TNS   : 0.000

Type  : Slow 1100mV 0C Model Minimum Pulse Width 'altera_reserved_tck'
Slack : 15.789
TNS   : 0.000

Type  : Fast 1100mV 85C Model Setup 'nios|nios2|pll|altera_pll_i|cyclonev_pll|counter[0].output_counter|divclk'
Slack : 0.593
TNS   : 0.000

Type  : Fast 1100mV 85C Model Setup 'control:nios|procesador:nios2|procesador_hps_0:hps_0|procesador_hps_0_hps_io:hps_io|procesador_hps_0_hps_io_border:border|hps_sdram:hps_sdram_inst|hps_sdram_pll:pll|afi_clk_write_clk'
Slack : 2.943
TNS   : 0.000

Type  : Fast 1100mV 85C Model Setup 'clock_50'
Slack : 10.325
TNS   : 0.000

Type  : Fast 1100mV 85C Model Setup 'altera_reserved_tck'
Slack : 13.754
TNS   : 0.000

Type  : Fast 1100mV 85C Model Hold 'altera_reserved_tck'
Slack : 0.077
TNS   : 0.000

Type  : Fast 1100mV 85C Model Hold 'control:nios|procesador:nios2|procesador_hps_0:hps_0|procesador_hps_0_hps_io:hps_io|procesador_hps_0_hps_io_border:border|hps_sdram:hps_sdram_inst|hps_sdram_pll:pll|afi_clk_write_clk'
Slack : 0.084
TNS   : 0.000

Type  : Fast 1100mV 85C Model Hold 'clock_50'
Slack : 0.142
TNS   : 0.000

Type  : Fast 1100mV 85C Model Hold 'nios|nios2|pll|altera_pll_i|cyclonev_pll|counter[0].output_counter|divclk'
Slack : 0.150
TNS   : 0.000

Type  : Fast 1100mV 85C Model Recovery 'control:nios|procesador:nios2|procesador_hps_0:hps_0|procesador_hps_0_hps_io:hps_io|procesador_hps_0_hps_io_border:border|hps_sdram:hps_sdram_inst|hps_sdram_pll:pll|afi_clk_write_clk'
Slack : 5.393
TNS   : 0.000

Type  : Fast 1100mV 85C Model Recovery 'nios|nios2|pll|altera_pll_i|cyclonev_pll|counter[0].output_counter|divclk'
Slack : 5.464
TNS   : 0.000

Type  : Fast 1100mV 85C Model Recovery 'clock_50'
Slack : 15.085
TNS   : 0.000

Type  : Fast 1100mV 85C Model Recovery 'altera_reserved_tck'
Slack : 15.142
TNS   : 0.000

Type  : Fast 1100mV 85C Model Removal 'clock_50'
Slack : 0.298
TNS   : 0.000

Type  : Fast 1100mV 85C Model Removal 'altera_reserved_tck'
Slack : 0.377
TNS   : 0.000

Type  : Fast 1100mV 85C Model Removal 'nios|nios2|pll|altera_pll_i|cyclonev_pll|counter[0].output_counter|divclk'
Slack : 0.552
TNS   : 0.000

Type  : Fast 1100mV 85C Model Removal 'control:nios|procesador:nios2|procesador_hps_0:hps_0|procesador_hps_0_hps_io:hps_io|procesador_hps_0_hps_io_border:border|hps_sdram:hps_sdram_inst|hps_sdram_pll:pll|afi_clk_write_clk'
Slack : 0.984
TNS   : 0.000

Type  : Fast 1100mV 85C Model Minimum Pulse Width 'control:nios|procesador:nios2|procesador_hps_0:hps_0|procesador_hps_0_hps_io:hps_io|procesador_hps_0_hps_io_border:border|hps_sdram:hps_sdram_inst|hps_sdram_pll:pll|pll_write_clk_dq_write_clk'
Slack : 1.300
TNS   : 0.000

Type  : Fast 1100mV 85C Model Minimum Pulse Width 'control:nios|procesador:nios2|procesador_hps_0:hps_0|procesador_hps_0_hps_io:hps_io|procesador_hps_0_hps_io_border:border|hps_sdram:hps_sdram_inst|hps_sdram_pll:pll|afi_clk_write_clk'
Slack : 1.307
TNS   : 0.000

Type  : Fast 1100mV 85C Model Minimum Pulse Width 'nios|nios2|pll|altera_pll_i|cyclonev_pll|fpll_0|fpll|vcoph[0]'
Slack : 1.538
TNS   : 0.000

Type  : Fast 1100mV 85C Model Minimum Pulse Width 'nios|nios2|pll|altera_pll_i|cyclonev_pll|counter[0].output_counter|divclk'
Slack : 6.630
TNS   : 0.000

Type  : Fast 1100mV 85C Model Minimum Pulse Width 'clock_50'
Slack : 8.788
TNS   : 0.000

Type  : Fast 1100mV 85C Model Minimum Pulse Width 'altera_reserved_tck'
Slack : 15.774
TNS   : 0.000

Type  : Fast 1100mV 0C Model Setup 'nios|nios2|pll|altera_pll_i|cyclonev_pll|counter[0].output_counter|divclk'
Slack : 1.404
TNS   : 0.000

Type  : Fast 1100mV 0C Model Setup 'control:nios|procesador:nios2|procesador_hps_0:hps_0|procesador_hps_0_hps_io:hps_io|procesador_hps_0_hps_io_border:border|hps_sdram:hps_sdram_inst|hps_sdram_pll:pll|afi_clk_write_clk'
Slack : 2.943
TNS   : 0.000

Type  : Fast 1100mV 0C Model Setup 'clock_50'
Slack : 11.231
TNS   : 0.000

Type  : Fast 1100mV 0C Model Setup 'altera_reserved_tck'
Slack : 14.076
TNS   : 0.000

Type  : Fast 1100mV 0C Model Hold 'altera_reserved_tck'
Slack : 0.063
TNS   : 0.000

Type  : Fast 1100mV 0C Model Hold 'control:nios|procesador:nios2|procesador_hps_0:hps_0|procesador_hps_0_hps_io:hps_io|procesador_hps_0_hps_io_border:border|hps_sdram:hps_sdram_inst|hps_sdram_pll:pll|afi_clk_write_clk'
Slack : 0.077
TNS   : 0.000

Type  : Fast 1100mV 0C Model Hold 'clock_50'
Slack : 0.130
TNS   : 0.000

Type  : Fast 1100mV 0C Model Hold 'nios|nios2|pll|altera_pll_i|cyclonev_pll|counter[0].output_counter|divclk'
Slack : 0.156
TNS   : 0.000

Type  : Fast 1100mV 0C Model Recovery 'control:nios|procesador:nios2|procesador_hps_0:hps_0|procesador_hps_0_hps_io:hps_io|procesador_hps_0_hps_io_border:border|hps_sdram:hps_sdram_inst|hps_sdram_pll:pll|afi_clk_write_clk'
Slack : 5.491
TNS   : 0.000

Type  : Fast 1100mV 0C Model Recovery 'nios|nios2|pll|altera_pll_i|cyclonev_pll|counter[0].output_counter|divclk'
Slack : 5.712
TNS   : 0.000

Type  : Fast 1100mV 0C Model Recovery 'altera_reserved_tck'
Slack : 15.351
TNS   : 0.000

Type  : Fast 1100mV 0C Model Recovery 'clock_50'
Slack : 15.400
TNS   : 0.000

Type  : Fast 1100mV 0C Model Removal 'clock_50'
Slack : 0.270
TNS   : 0.000

Type  : Fast 1100mV 0C Model Removal 'altera_reserved_tck'
Slack : 0.355
TNS   : 0.000

Type  : Fast 1100mV 0C Model Removal 'nios|nios2|pll|altera_pll_i|cyclonev_pll|counter[0].output_counter|divclk'
Slack : 0.480
TNS   : 0.000

Type  : Fast 1100mV 0C Model Removal 'control:nios|procesador:nios2|procesador_hps_0:hps_0|procesador_hps_0_hps_io:hps_io|procesador_hps_0_hps_io_border:border|hps_sdram:hps_sdram_inst|hps_sdram_pll:pll|afi_clk_write_clk'
Slack : 0.889
TNS   : 0.000

Type  : Fast 1100mV 0C Model Minimum Pulse Width 'control:nios|procesador:nios2|procesador_hps_0:hps_0|procesador_hps_0_hps_io:hps_io|procesador_hps_0_hps_io_border:border|hps_sdram:hps_sdram_inst|hps_sdram_pll:pll|pll_write_clk_dq_write_clk'
Slack : 1.304
TNS   : 0.000

Type  : Fast 1100mV 0C Model Minimum Pulse Width 'control:nios|procesador:nios2|procesador_hps_0:hps_0|procesador_hps_0_hps_io:hps_io|procesador_hps_0_hps_io_border:border|hps_sdram:hps_sdram_inst|hps_sdram_pll:pll|afi_clk_write_clk'
Slack : 1.311
TNS   : 0.000

Type  : Fast 1100mV 0C Model Minimum Pulse Width 'nios|nios2|pll|altera_pll_i|cyclonev_pll|fpll_0|fpll|vcoph[0]'
Slack : 1.538
TNS   : 0.000

Type  : Fast 1100mV 0C Model Minimum Pulse Width 'nios|nios2|pll|altera_pll_i|cyclonev_pll|counter[0].output_counter|divclk'
Slack : 6.680
TNS   : 0.000

Type  : Fast 1100mV 0C Model Minimum Pulse Width 'clock_50'
Slack : 8.780
TNS   : 0.000

Type  : Fast 1100mV 0C Model Minimum Pulse Width 'altera_reserved_tck'
Slack : 15.783
TNS   : 0.000

------------------------------------------------------------
Info: see the "DDR report" for DDR timing results
------------------------------------------------------------
------------------------------------------------------------
